#
# There is insufficient memory for the Java Runtime Environment to continue.
# Native memory allocation (mmap) failed to map 201326592 bytes for G1 virtual space
# Possible reasons:
#   The system is out of physical RAM or swap space
#   The process is running with CompressedOops enabled, and the Java Heap may be blocking the growth of the native heap
# Possible solutions:
#   Reduce memory load on the system
#   Increase physical memory or swap space
#   Check if swap backing store is full
#   Decrease Java heap size (-Xmx/-Xms)
#   Decrease number of Java threads
#   Decrease Java thread stack sizes (-Xss)
#   Set larger code cache with -XX:ReservedCodeCacheSize=
#   JVM is running with Zero Based Compressed Oops mode in which the Java heap is
#     placed in the first 32GB address space. The Java Heap base address is the
#     maximum limit for the native heap growth. Please use -XX:HeapBaseMinAddress
#     to set the Java Heap base and to place the Java Heap above 32GB virtual address.
# This output file may be truncated or incomplete.
#
#  Out of Memory Error (os_windows.cpp:3469), pid=1500, tid=17852
#
# JRE version:  (17.0.1+12) (build )
# Java VM: OpenJDK 64-Bit Server VM (17.0.1+12, mixed mode, emulated-client, sharing, tiered, compressed oops, compressed class ptrs, g1 gc, windows-amd64)
# No core dump will be written. Minidumps are not enabled by default on client versions of Windows
#

---------------  S U M M A R Y ------------

Command Line: -XX:TieredStopAtLevel=1 com.example.Booking.BookingApplication

Host: Intel(R) Xeon(R) Gold 6154 CPU @ 3.00GHz, 4 cores, 11G,  Windows 10 , 64 bit Build 19041 (10.0.19041.4957)
Time: Wed Dec  4 12:27:56 2024 India Standard Time elapsed time: 0.025038 seconds (0d 0h 0m 0s)

---------------  T H R E A D  ---------------

Current thread (0x000001e902aaea50):  JavaThread "Unknown thread" [_thread_in_vm, id=17852, stack(0x0000004ea4000000,0x0000004ea4100000)]

Stack: [0x0000004ea4000000,0x0000004ea4100000]
Native frames: (J=compiled Java code, j=interpreted, Vv=VM code, C=native code)
V  [jvm.dll+0x6744da]
V  [jvm.dll+0x82e144]
V  [jvm.dll+0x82f8ee]
V  [jvm.dll+0x82ff53]
V  [jvm.dll+0x245175]
V  [jvm.dll+0x6714c9]
V  [jvm.dll+0x665f92]
V  [jvm.dll+0x303c3b]
V  [jvm.dll+0x30b176]
V  [jvm.dll+0x35af1e]
V  [jvm.dll+0x35b14f]
V  [jvm.dll+0x2dab78]
V  [jvm.dll+0x2dbae4]
V  [jvm.dll+0x7ffdf1]
V  [jvm.dll+0x368c91]
V  [jvm.dll+0x7df2cc]
V  [jvm.dll+0x3eb59f]
V  [jvm.dll+0x3ed121]
C  [jli.dll+0x5277]
C  [ucrtbase.dll+0x21bb2]
C  [KERNEL32.DLL+0x17374]
C  [ntdll.dll+0x4cc91]


---------------  P R O C E S S  ---------------

Threads class SMR info:
_java_thread_list=0x00007ff8ae234e58, length=0, elements={
}

Java Threads: ( => current thread )

Other Threads:
  0x000001e902af8620 GCTaskThread "GC Thread#0" [stack: 0x0000004ea4100000,0x0000004ea4200000] [id=18116]
  0x000001e902b05560 ConcurrentGCThread "G1 Main Marker" [stack: 0x0000004ea4200000,0x0000004ea4300000] [id=18180]
  0x000001e902b06ae0 ConcurrentGCThread "G1 Conc#0" [stack: 0x0000004ea4300000,0x0000004ea4400000] [id=17108]

[error occurred during error reporting (printing all threads), id 0xc0000005, EXCEPTION_ACCESS_VIOLATION (0xc0000005) at pc=0x00007ff8ada0b5f7]

VM state: not at safepoint (not fully initialized)

VM Mutex/Monitor currently owned by a thread:  ([mutex/lock_event])
[0x000001e902aa8a20] Heap_lock - owner thread: 0x000001e902aaea50

Heap address: 0x0000000740000000, size: 3072 MB, Compressed Oops mode: Zero based, Oop shift amount: 3

CDS archive(s) mapped at: [0x0000000000000000-0x0000000000000000-0x0000000000000000), size 0, SharedBaseAddress: 0x0000000800000000, ArchiveRelocationMode: 0.
Narrow klass base: 0x0000000000000000, Narrow klass shift: 0, Narrow klass range: 0x0

GC Precious Log:
<Empty>

Heap:
 garbage-first heap   total 0K, used 0K [0x0000000740000000, 0x0000000800000000)
  region size 2048K, 0 young (0K), 0 survivors (0K)

[error occurred during error reporting (printing heap information), id 0xc0000005, EXCEPTION_ACCESS_VIOLATION (0xc0000005) at pc=0x00007ff8added729]

GC Heap History (0 events):
No events

Deoptimization events (0 events):
No events

Classes unloaded (0 events):
No events

Classes redefined (0 events):
No events

Internal exceptions (0 events):
No events

VM Operations (0 events):
No events

Events (1 events):
Event: 0.015 Loaded shared library D:\Users\2727367\Downloads\eclipse-jee\eclipse-jee\plugins\org.eclipse.justj.openjdk.hotspot.jre.full.win32.x86_64_17.0.1.v20211116-1657\jre\bin\java.dll


Dynamic libraries:
0x00007ff67a7f0000 - 0x00007ff67a7fe000 	D:\Users\2727367\Downloads\eclipse-jee\eclipse-jee\plugins\org.eclipse.justj.openjdk.hotspot.jre.full.win32.x86_64_17.0.1.v20211116-1657\jre\bin\java.exe
0x00007ff915950000 - 0x00007ff915b48000 	C:\windows\SYSTEM32\ntdll.dll
0x00007ff9151d0000 - 0x00007ff915292000 	C:\windows\System32\KERNEL32.DLL
0x00007ff913310000 - 0x00007ff91360e000 	C:\windows\System32\KERNELBASE.dll
0x00007ff913770000 - 0x00007ff913870000 	C:\windows\System32\ucrtbase.dll
0x00007ff90cb50000 - 0x00007ff90cb69000 	D:\Users\2727367\Downloads\eclipse-jee\eclipse-jee\plugins\org.eclipse.justj.openjdk.hotspot.jre.full.win32.x86_64_17.0.1.v20211116-1657\jre\bin\VCRUNTIME140.dll
0x00007ff90e610000 - 0x00007ff90e628000 	D:\Users\2727367\Downloads\eclipse-jee\eclipse-jee\plugins\org.eclipse.justj.openjdk.hotspot.jre.full.win32.x86_64_17.0.1.v20211116-1657\jre\bin\jli.dll
0x00007ff915370000 - 0x00007ff91550d000 	C:\windows\System32\USER32.dll
0x00007ff90bb70000 - 0x00007ff90be0a000 	C:\windows\WinSxS\amd64_microsoft.windows.common-controls_6595b64144ccf1df_6.0.19041.4355_none_60b8b9eb71f62e16\COMCTL32.dll
0x00007ff9138a0000 - 0x00007ff9138c2000 	C:\windows\System32\win32u.dll
0x00007ff913f40000 - 0x00007ff913fde000 	C:\windows\System32\msvcrt.dll
0x00007ff915180000 - 0x00007ff9151ab000 	C:\windows\System32\GDI32.dll
0x00007ff913080000 - 0x00007ff913197000 	C:\windows\System32\gdi32full.dll
0x00007ff9138d0000 - 0x00007ff91396d000 	C:\windows\System32\msvcp_win.dll
0x00007ff915730000 - 0x00007ff91575f000 	C:\windows\System32\IMM32.DLL
0x000001e900860000 - 0x000001e900874000 	C:\windows\System32\umppc18721.dll
0x00007ff912df0000 - 0x00007ff912e26000 	C:\windows\system32\vmwsci.dll
0x00007ff913d60000 - 0x00007ff913d68000 	C:\windows\System32\PSAPI.DLL
0x00007ff90cb40000 - 0x00007ff90cb4c000 	D:\Users\2727367\Downloads\eclipse-jee\eclipse-jee\plugins\org.eclipse.justj.openjdk.hotspot.jre.full.win32.x86_64_17.0.1.v20211116-1657\jre\bin\vcruntime140_1.dll
0x00007ff8fb1d0000 - 0x00007ff8fb261000 	D:\Users\2727367\Downloads\eclipse-jee\eclipse-jee\plugins\org.eclipse.justj.openjdk.hotspot.jre.full.win32.x86_64_17.0.1.v20211116-1657\jre\bin\msvcp140.dll
0x00007ff8ad720000 - 0x00007ff8ae366000 	D:\Users\2727367\Downloads\eclipse-jee\eclipse-jee\plugins\org.eclipse.justj.openjdk.hotspot.jre.full.win32.x86_64_17.0.1.v20211116-1657\jre\bin\server\jvm.dll
0x00007ff915510000 - 0x00007ff9155c2000 	C:\windows\System32\ADVAPI32.dll
0x00007ff913ea0000 - 0x00007ff913f40000 	C:\windows\System32\sechost.dll
0x00007ff913d70000 - 0x00007ff913e93000 	C:\windows\System32\RPCRT4.dll
0x00007ff913870000 - 0x00007ff913897000 	C:\windows\System32\bcrypt.dll
0x00007ff902d90000 - 0x00007ff902d99000 	C:\windows\SYSTEM32\WSOCK32.dll
0x00007ff914790000 - 0x00007ff9147fb000 	C:\windows\System32\WS2_32.dll
0x00007ff9039d0000 - 0x00007ff9039f7000 	C:\windows\SYSTEM32\WINMM.dll
0x00007ff911d70000 - 0x00007ff911d7a000 	C:\windows\SYSTEM32\VERSION.dll
0x00007ff911d20000 - 0x00007ff911d32000 	C:\windows\SYSTEM32\kernel.appcore.dll
0x00007ff90a3b0000 - 0x00007ff90a3ba000 	D:\Users\2727367\Downloads\eclipse-jee\eclipse-jee\plugins\org.eclipse.justj.openjdk.hotspot.jre.full.win32.x86_64_17.0.1.v20211116-1657\jre\bin\jimage.dll
0x00007ff9107f0000 - 0x00007ff9109d4000 	C:\windows\SYSTEM32\DBGHELP.DLL
0x00007ff90af20000 - 0x00007ff90af54000 	C:\windows\SYSTEM32\dbgcore.DLL
0x00007ff912ff0000 - 0x00007ff913072000 	C:\windows\System32\bcryptPrimitives.dll
0x00007ff8fee50000 - 0x00007ff8fee75000 	D:\Users\2727367\Downloads\eclipse-jee\eclipse-jee\plugins\org.eclipse.justj.openjdk.hotspot.jre.full.win32.x86_64_17.0.1.v20211116-1657\jre\bin\java.dll

dbghelp: loaded successfully - version: 4.0.5 - missing functions: none
symbol engine: initialized successfully - sym options: 0x614 - pdb path: .;D:\Users\2727367\Downloads\eclipse-jee\eclipse-jee\plugins\org.eclipse.justj.openjdk.hotspot.jre.full.win32.x86_64_17.0.1.v20211116-1657\jre\bin;C:\windows\SYSTEM32;C:\windows\WinSxS\amd64_microsoft.windows.common-controls_6595b64144ccf1df_6.0.19041.4355_none_60b8b9eb71f62e16;D:\Users\2727367\Downloads\eclipse-jee\eclipse-jee\plugins\org.eclipse.justj.openjdk.hotspot.jre.full.win32.x86_64_17.0.1.v20211116-1657\jre\bin\server

VM Arguments:
jvm_args: -XX:TieredStopAtLevel=1 
java_command: com.example.Booking.BookingApplication
java_class_path (initial): D:\Users\2727367\Desktop\NEW PJ\Booking (1)\Booking\target\classes;D:\Users\2727367\.m2\repository\org\springframework\spring-aop\6.1.15\spring-aop-6.1.15.jar;D:\Users\2727367\.m2\repository\org\aspectj\aspectjweaver\1.9.22.1\aspectjweaver-1.9.22.1.jar;D:\Users\2727367\.m2\repository\com\zaxxer\HikariCP\5.1.0\HikariCP-5.1.0.jar;D:\Users\2727367\.m2\repository\org\springframework\spring-jdbc\6.1.15\spring-jdbc-6.1.15.jar;D:\Users\2727367\.m2\repository\org\hibernate\orm\hibernate-core\6.5.3.Final\hibernate-core-6.5.3.Final.jar;D:\Users\2727367\.m2\repository\jakarta\persistence\jakarta.persistence-api\3.1.0\jakarta.persistence-api-3.1.0.jar;D:\Users\2727367\.m2\repository\jakarta\transaction\jakarta.transaction-api\2.0.1\jakarta.transaction-api-2.0.1.jar;D:\Users\2727367\.m2\repository\org\jboss\logging\jboss-logging\3.5.3.Final\jboss-logging-3.5.3.Final.jar;D:\Users\2727367\.m2\repository\org\hibernate\common\hibernate-commons-annotations\6.0.6.Final\hibernate-commons-annotations-6.0.6.Final.jar;D:\Users\2727367\.m2\repository\io\smallrye\jandex\3.1.2\jandex-3.1.2.jar;D:\Users\2727367\.m2\repository\com\fasterxml\classmate\1.7.0\classmate-1.7.0.jar;D:\Users\2727367\.m2\repository\net\bytebuddy\byte-buddy\1.14.19\byte-buddy-1.14.19.jar;D:\Users\2727367\.m2\repository\org\glassfish\jaxb\jaxb-runtime\4.0.5\jaxb-runtime-4.0.5.jar;D:\Users\2727367\.m2\repository\org\glassfish\jaxb\jaxb-core\4.0.5\jaxb-core-4.0.5.jar;D:\Users\2727367\.m2\repository\org\eclipse\angus\angus-activation\2.0.2\angus-activation-2.0.2.jar;D:\Users\2727367\.m2\repository\org\glassfish\jaxb\txw2\4.0.5\txw2-4.0.5.jar;D:\Users\2727367\.m2\repository\com\sun\istack\istack-commons-runtime\4.1.2\istack-commons-runtime-4.1.2.jar;D:\Users\2727367\.m2\repository\jakarta\inject\jakarta.inject-api\2.0.1\jakarta.inject-api-2.0.1.jar;D:\Users\2727367\.m2\repository\org\antlr\antlr4-runtime\4.13.0\antlr4-runtime-4.13.0.jar;D:\Users\2727367\.m2\repository\org\springframework\data\sp
Launcher Type: SUN_STANDARD

[Global flags]
     intx CICompilerCount                          = 3                                         {product} {ergonomic}
     uint ConcGCThreads                            = 1                                         {product} {ergonomic}
     uint G1ConcRefinementThreads                  = 4                                         {product} {ergonomic}
   size_t G1HeapRegionSize                         = 2097152                                   {product} {ergonomic}
    uintx GCDrainStackTargetSize                   = 64                                        {product} {ergonomic}
   size_t InitialHeapSize                          = 201326592                                 {product} {ergonomic}
   size_t MarkStackSize                            = 4194304                                   {product} {ergonomic}
   size_t MaxHeapSize                              = 3221225472                                {product} {ergonomic}
   size_t MinHeapDeltaBytes                        = 2097152                                   {product} {ergonomic}
   size_t MinHeapSize                              = 8388608                                   {product} {ergonomic}
    uintx NonProfiledCodeHeapSize                  = 0                                      {pd product} {ergonomic}
     bool ProfileInterpreter                       = false                                  {pd product} {command line}
    uintx ProfiledCodeHeapSize                     = 0                                      {pd product} {ergonomic}
   size_t SoftMaxHeapSize                          = 3221225472                             {manageable} {ergonomic}
     intx TieredStopAtLevel                        = 1                                         {product} {command line}
     bool UseCompressedClassPointers               = true                           {product lp64_product} {ergonomic}
     bool UseCompressedOops                        = true                           {product lp64_product} {ergonomic}
     bool UseG1GC                                  = true                                      {product} {ergonomic}
     bool UseLargePagesIndividualAllocation        = false                                  {pd product} {ergonomic}

Logging:
Log output configuration:
 #0: stdout all=warning uptime,level,tags
 #1: stderr all=off uptime,level,tags

Environment Variables:
PATH=D:/Users/2727367/Downloads/eclipse-jee/eclipse-jee//plugins/org.eclipse.justj.openjdk.hotspot.jre.full.win32.x86_64_17.0.1.v20211116-1657/jre/bin/server;D:/Users/2727367/Downloads/eclipse-jee/eclipse-jee//plugins/org.eclipse.justj.openjdk.hotspot.jre.full.win32.x86_64_17.0.1.v20211116-1657/jre/bin;C:\Python312\Scripts\;C:\Python312\;C:\Program Files\Eclipse Adoptium\jdk-8.0.345.1-hotspot\bin;C:\windows\system32;C:\windows;C:\windows\System32\Wbem;C:\windows\System32\WindowsPowerShell\v1.0\;C:\windows\System32\OpenSSH\;C:\Program Files\dotnet\;C:\Program Files\TortoiseSVN\bin;C:\ProgramData\chocolatey\bin;C:\Program Files\TortoiseGit\bin;C:\Program Files (x86)\Git\cmd;C:\Program Files (x86)\PuTTY\;C:\Program Files\nodejs\;C:\Program Files\Microsoft VS Code\bin;D:\Users\2727367\AppData\Local\Microsoft\WindowsApps;;D:\Users\2727367\Downloads\eclipse-jee\eclipse-jee;
USERNAME=2727367
OS=Windows_NT
PROCESSOR_IDENTIFIER=Intel64 Family 6 Model 85 Stepping 4, GenuineIntel



---------------  S Y S T E M  ---------------

OS:
 Windows 10 , 64 bit Build 19041 (10.0.19041.4957)
OS uptime: 1 days 1:17 hours
VMWare virtualization detected

CPU: total 4 (initial active 4) (2 cores per cpu, 1 threads per core) family 6 model 85 stepping 4 microcode 0x2007006, cx8, cmov, fxsr, mmx, 3dnowpref, sse, sse2, sse3, ssse3, sse4.1, sse4.2, popcnt, lzcnt, tsc, tscinvbit, avx, avx2, aes, erms, clmul, bmi1, bmi2, adx, fma, vzeroupper, clflush, clflushopt, clwb, hv

Memory: 4k page, system-wide physical 12287M (983M free)
TotalPageFile size 12798M (AvailPageFile size 143M)
current process WorkingSet (physical memory assigned to process): 10M, peak: 10M
current process commit charge ("private bytes"): 46M, peak: 238M

vm_info: OpenJDK 64-Bit Server VM (17.0.1+12) for windows-amd64 JRE (17.0.1+12), built on Oct 20 2021 07:42:55 by "" with MS VC++ 16.7 (VS2019)

END.
